// Jest Snapshot v1, https://goo.gl/fbAQLP

exports[`CheckBox Component should match snapshot 1`] = `
Array [
  <input
    className="styled-checkbox"
    defaultChecked={true}
    id="checkbox-1"
    onChange={[MockFunction]}
    type="checkbox"
    value={1}
  />,
  <label
    htmlFor="checkbox-1"
  />,
]
`;
