// Jest Snapshot v1, https://goo.gl/fbAQLP

exports[`LoginPage Component should match snapshot 1`] = `
<div>
  <section
    class="login"
  >
    <form
      class="login-card"
    >
      <h1>
        Sign In
      </h1>
      <input
        placeholder="Username"
        type="text"
        value=""
      />
      <input
        placeholder="Password"
        type="password"
        value=""
      />
      <button
        type="submit"
      >
        Login
      </button>
    </form>
  </section>
</div>
`;

exports[`LoginPage Component should match snapshot when isUserLoggedIn 1`] = `<div />`;
